
Memory Configuration

Name             Origin             Length             Attributes
FLASH            0x08000000         0x00080000         xr
SRAM             0x20000000         0x00024000         xrw
*default*        0x00000000         0xffffffff

Linker script and memory map

LOAD Build/app/main.o
LOAD Build/app/stm32_startup.o

.text           0x08000000      0x17c
 *(.isr_vector)
 .isr_vector    0x08000000       0xc0 Build/app/stm32_startup.o
                0x08000000                vectors
 *(.text)
 .text          0x080000c0       0x2c Build/app/main.o
                0x080000c0                main
 .text          0x080000ec       0x90 Build/app/stm32_startup.o
                0x080000ec                FLASH_Handler
                0x080000ec                EXTI2_3_Handler
                0x080000ec                HardFault_Handler
                0x080000ec                USART2_LPUART2_Handler
                0x080000ec                SysTick_Handler
                0x080000ec                RTC_TAMP_Handler
                0x080000ec                I2C1_Handler
                0x080000ec                PendSV_Handler
                0x080000ec                NMI_Handler
                0x080000ec                TIM6_DAC_LPTIM1_Handler
                0x080000ec                I2C2_I2C3_Handler
                0x080000ec                WWDG_Handler
                0x080000ec                DMA1_Channel1_Handler
                0x080000ec                TIM1_CC_Handler
                0x080000ec                SPI2_SPI3_Handler
                0x080000ec                TIM17_FDCAN_IT1_Handler
                0x080000ec                EXTI4_15_Handler
                0x080000ec                USART3_4_5_6_LPUART1_Handler
                0x080000ec                TIM7_LPTIM2_Handler
                0x080000ec                TIM2_Handler
                0x080000ec                USART1_Handler
                0x080000ec                DMA1_Channel4_5_6_Handler
                0x080000ec                Default_Handler
                0x080000ec                TIM3_4_Handler
                0x080000ec                EXTI0_1_Handler
                0x080000ec                SVC_Handler
                0x080000ec                TIM14_Handler
                0x080000ec                DMA1_Channel2_3_Handler
                0x080000ec                SPI1_Handler
                0x080000ec                RCC_CRS_Handler
                0x080000ec                TIM16_FDCAN_IT0_Handler
                0x080000ec                PVD_Handler
                0x080000ec                TIM15_Handler
                0x080000ec                AES_RNG_Handler
                0x080000ec                CEC_Handler
                0x080000ec                UCPD1_UCPD2_USB_Handler
                0x080000ec                TIM1_BRK_UP_TRG_COM_Handler
                0x080000ec                ADC_COMP_Handler
                0x080000f2                Reset_Handler
 *(.rodata)
                0x0800017c                        . = ALIGN (0x4)
                0x0800017c                        _etext = .

.glue_7         0x0800017c        0x0
 .glue_7        0x0800017c        0x0 linker stubs

.glue_7t        0x0800017c        0x0
 .glue_7t       0x0800017c        0x0 linker stubs

.vfp11_veneer   0x0800017c        0x0
 .vfp11_veneer  0x0800017c        0x0 linker stubs

.v4_bx          0x0800017c        0x0
 .v4_bx         0x0800017c        0x0 linker stubs

.iplt           0x0800017c        0x0
 .iplt          0x0800017c        0x0 Build/app/stm32_startup.o

.rel.dyn        0x0800017c        0x0
 .rel.iplt      0x0800017c        0x0 Build/app/stm32_startup.o

.data           0x20000000        0x0 load address 0x0800017c
                0x20000000                        _sdata = .
 *(.data)
 .data          0x20000000        0x0 Build/app/main.o
 .data          0x20000000        0x0 Build/app/stm32_startup.o
                0x20000000                        . = ALIGN (0x4)
                0x20000000                        _edata = .

.igot.plt       0x20000000        0x0 load address 0x0800017c
 .igot.plt      0x20000000        0x0 Build/app/stm32_startup.o

.bss            0x20000000        0x0 load address 0x0800017c
                0x20000000                        _sbss = .
 *(.bss)
 .bss           0x20000000        0x0 Build/app/main.o
 .bss           0x20000000        0x0 Build/app/stm32_startup.o
 *(COMMON)
                0x20000000                        . = ALIGN (0x4)
                0x20000000                        _ebss = .
OUTPUT(Build/final.elf elf32-littlearm)
LOAD linker stubs

.comment        0x00000000       0x1e
 .comment       0x00000000       0x1e Build/app/main.o
                                 0x1f (size before relaxing)
 .comment       0x0000001e       0x1f Build/app/stm32_startup.o

.ARM.attributes
                0x00000000       0x2c
 .ARM.attributes
                0x00000000       0x2c Build/app/main.o
 .ARM.attributes
                0x0000002c       0x2c Build/app/stm32_startup.o
